// Vitest Snapshot v1, https://vitest.dev/guide/snapshot.html

exports[`match totals > 2013, highest first 1`] = `
{
  "count": 73,
  "digest": "4191-16cfcea35579c0-125908a80817ba",
  "head": [
    {
      "matchup_id": 4,
      "team1_id": "337297176361201664",
      "team1_name": "Wolverhampton Wasters",
      "team1_score": 127.6,
      "team2_id": "428943291145265152",
      "team2_name": "Kansas City Chumps",
      "team2_score": 148.76,
      "total_score": 276.36,
      "week": 15,
      "year": 2013,
    },
    {
      "matchup_id": 3,
      "team1_id": "337210029620883456",
      "team1_name": "Bush Johnson",
      "team1_score": 146.04,
      "team2_id": "337221174670938112",
      "team2_name": "SIIIBON",
      "team2_score": 117.12,
      "total_score": 263.15999999999997,
      "week": 15,
      "year": 2013,
    },
    {
      "matchup_id": 1,
      "team1_id": "337221174670938112",
      "team1_name": "SIIIBON",
      "team1_score": 162,
      "team2_id": "77140390129844224",
      "team2_name": "King of Wishful Tinkering",
      "team2_score": 95.08,
      "total_score": 257.08,
      "week": 6,
      "year": 2013,
    },
    {
      "matchup_id": 2,
      "team1_id": "337210029620883456",
      "team1_name": "Bush Johnson",
      "team1_score": 91.38,
      "team2_id": "77140390129844224",
      "team2_name": "King of Wishful Tinkering",
      "team2_score": 151.96,
      "total_score": 243.34,
      "week": 9,
      "year": 2013,
    },
    {
      "matchup_id": 3,
      "team1_id": "428943291145265152",
      "team1_name": "Kansas City Chumps",
      "team1_score": 131.58,
      "team2_id": "337297176361201664",
      "team2_name": "Wolverhampton Wasters",
      "team2_score": 108.78,
      "total_score": 240.36,
      "week": 4,
      "year": 2013,
    },
  ],
}
`;

exports[`match totals > 2018, lowest first 1`] = `
{
  "count": 83,
  "digest": "4961-fd85a4d7ce3c9-11a6d674bd3267",
  "head": [
    {
      "matchup_id": 4,
      "team1_id": "chumbolegacy_sudio",
      "team1_name": "Suh Suh Sudio",
      "team1_score": 55.34,
      "team2_id": "438629899490553856",
      "team2_name": "Tha Dollar",
      "team2_score": 55.42,
      "total_score": 110.76,
      "week": 6,
      "year": 2018,
    },
    {
      "matchup_id": 6,
      "team1_id": "chumbolegacy_sudio",
      "team1_name": "Suh Suh Sudio",
      "team1_score": 69.1,
      "team2_id": "429243125446230016",
      "team2_name": "Catch-22",
      "team2_score": 66.88,
      "total_score": 135.98,
      "week": 4,
      "year": 2018,
    },
    {
      "matchup_id": 4,
      "team1_id": "337297176361201664",
      "team1_name": "Wolverhampton Wasters",
      "team1_score": 76.56,
      "team2_id": "337221174670938112",
      "team2_name": "SIIIBON",
      "team2_score": 60.66,
      "total_score": 137.22,
      "week": 8,
      "year": 2018,
    },
    {
      "matchup_id": 5,
      "team1_id": "337221174670938112",
      "team1_name": "SIIIBON",
      "team1_score": 81.36,
      "team2_id": "chumbolegacy_sudio",
      "team2_name": "Suh Suh Sudio",
      "team2_score": 58.66,
      "total_score": 140.01999999999998,
      "week": 2,
      "year": 2018,
    },
    {
      "matchup_id": 3,
      "team1_id": "411186928751230976",
      "team1_name": "The Unicorn",
      "team1_score": 97.08,
      "team2_id": "337297176361201664",
      "team2_name": "Wolverhampton Wasters",
      "team2_score": 49.92,
      "total_score": 147,
      "week": 13,
      "year": 2018,
    },
  ],
}
`;

exports[`match totals > 2020, highest first 1`] = `
{
  "count": 83,
  "digest": "4991-104be97fc59c78-1e013a03deace9",
  "head": [
    {
      "matchup_id": 2,
      "team1_id": "337226046606704640",
      "team1_name": "21st & Hine",
      "team1_score": 151,
      "team2_id": "429243125446230016",
      "team2_name": "Catch-22",
      "team2_score": 106.78,
      "total_score": 257.78,
      "week": 4,
      "year": 2020,
    },
    {
      "matchup_id": 3,
      "team1_id": "337210029620883456",
      "team1_name": "Bush Johnson",
      "team1_score": 131.62,
      "team2_id": "428943291145265152",
      "team2_name": "Kansas City Chumps",
      "team2_score": 124.7,
      "total_score": 256.32,
      "week": 2,
      "year": 2020,
    },
    {
      "matchup_id": 6,
      "team1_id": "77140390129844224",
      "team1_name": "King of Wishful Tinkering",
      "team1_score": 141,
      "team2_id": "337221174670938112",
      "team2_name": "SIIIBON",
      "team2_score": 113,
      "total_score": 254,
      "week": 6,
      "year": 2020,
    },
    {
      "matchup_id": 6,
      "team1_id": "77140390129844224",
      "team1_name": "King of Wishful Tinkering",
      "team1_score": 157.22,
      "team2_id": "438629899490553856",
      "team2_name": "Tha Dollar",
      "team2_score": 88.22,
      "total_score": 245.44,
      "week": 12,
      "year": 2020,
    },
    {
      "matchup_id": 6,
      "team1_id": "411186928751230976",
      "team1_name": "The Unicorn",
      "team1_score": 76.86,
      "team2_id": "429243125446230016",
      "team2_name": "Catch-22",
      "team2_score": 158.9,
      "total_score": 235.76,
      "week": 2,
      "year": 2020,
    },
  ],
}
`;

exports[`match totals > 2025, highest first 1`] = `
{
  "count": 89,
  "digest": "5053-1afd82b22012a1-209a3faf76280",
  "head": [
    {
      "matchup_id": 5,
      "team1_id": "77140390129844224",
      "team1_name": "King of Wishful Tinkering",
      "team1_score": 140.92,
      "team2_id": "704708035829895168",
      "team2_name": "The Disciples of Juan Carlos",
      "team2_score": 116.06,
      "total_score": 256.98,
      "week": 12,
      "year": 2025,
    },
    {
      "matchup_id": 2,
      "team1_id": "337226046606704640",
      "team1_name": "21st & Hine",
      "team1_score": 148.08,
      "team2_id": "359110473351696384",
      "team2_name": "Pimpin Ain't Leesy",
      "team2_score": 97.12,
      "total_score": 245.20000000000002,
      "week": 11,
      "year": 2025,
    },
    {
      "matchup_id": 2,
      "team1_id": "337226046606704640",
      "team1_name": "21st & Hine",
      "team1_score": 109.4,
      "team2_id": "337297176361201664",
      "team2_name": "Wolverhampton Wasters",
      "team2_score": 132.76,
      "total_score": 242.16,
      "week": 6,
      "year": 2025,
    },
    {
      "matchup_id": 3,
      "team1_id": "337297176361201664",
      "team1_name": "Wolverhampton Wasters",
      "team1_score": 151.9,
      "team2_id": "337221174670938112",
      "team2_name": "SIIIBON",
      "team2_score": 87.78,
      "total_score": 239.68,
      "week": 9,
      "year": 2025,
    },
    {
      "matchup_id": 6,
      "team1_id": "359110473351696384",
      "team1_name": "Pimpin Ain't Leesy",
      "team1_score": 115.08,
      "team2_id": "337297176361201664",
      "team2_name": "Wolverhampton Wasters",
      "team2_score": 123.34,
      "total_score": 238.42000000000002,
      "week": 5,
      "year": 2025,
    },
  ],
}
`;

exports[`player scores > 2014, highest first 1`] = `
{
  "count": 2484,
  "digest": "9dec0-52feb40f069c6-127201b33c76c7",
  "head": [
    {
      "is_championship": false,
      "is_playoff": false,
      "manager_name": "brock",
      "matchup_id": 6,
      "owner_id": "704708035829895168",
      "player_id": "1698",
      "player_name": "Jonas Gray",
      "position": "RB",
      "score": 44.1,
      "team_name": "The Disciples of Juan Carlos",
      "was_started": false,
      "week": 11,
      "year": 2014,
    },
    {
      "is_championship": false,
      "is_playoff": false,
      "manager_name": "sol",
      "matchup_id": 1,
      "owner_id": "411186928751230976",
      "player_id": "745",
      "player_name": "Marshawn Lynch",
      "position": "RB",
      "score": 40.3,
      "team_name": "The Unicorn",
      "was_started": true,
      "week": 10,
      "year": 2014,
    },
    {
      "is_championship": false,
      "is_playoff": false,
      "manager_name": "sol",
      "matchup_id": 4,
      "owner_id": "411186928751230976",
      "player_id": "1234",
      "player_name": "Russell Wilson",
      "position": "QB",
      "score": 37.12,
      "team_name": "The Unicorn",
      "was_started": true,
      "week": 7,
      "year": 2014,
    },
    {
      "is_championship": false,
      "is_playoff": false,
      "manager_name": "chris",
      "matchup_id": 2,
      "owner_id": "chumbolegacy_sudio",
      "player_id": "96",
      "player_name": "Aaron Rodgers",
      "position": "QB",
      "score": 36.6,
      "team_name": "Suh Suh Sudio",
      "was_started": true,
      "week": 10,
      "year": 2014,
    },
    {
      "is_championship": false,
      "is_playoff": false,
      "manager_name": "hadkiss",
      "matchup_id": 1,
      "owner_id": "337210029620883456",
      "player_id": "1426",
      "player_name": "DeAndre Hopkins",
      "position": "WR",
      "score": 35.8,
      "team_name": "Bush Johnson",
      "was_started": true,
      "week": 13,
      "year": 2014,
    },
  ],
}
`;

exports[`player scores > 2019, highest first 1`] = `
{
  "count": 2414,
  "digest": "9900b-133a3cf72a2391-13cd638fe38d81",
  "head": [
    {
      "is_championship": false,
      "is_playoff": false,
      "manager_name": "hadkiss",
      "matchup_id": 6,
      "owner_id": "337210029620883456",
      "player_id": "96",
      "player_name": "Aaron Rodgers",
      "position": "QB",
      "score": 43.76,
      "team_name": "Bush Johnson",
      "was_started": true,
      "week": 7,
      "year": 2019,
    },
    {
      "is_championship": false,
      "is_playoff": false,
      "manager_name": "nick",
      "matchup_id": 2,
      "owner_id": "429243125446230016",
      "player_id": "4199",
      "player_name": "Aaron Jones",
      "position": "RB",
      "score": 42.2,
      "team_name": "Catch-22",
      "was_started": true,
      "week": 5,
      "year": 2019,
    },
    {
      "is_championship": false,
      "is_playoff": false,
      "manager_name": "thd",
      "matchup_id": 5,
      "owner_id": "77140390129844224",
      "player_id": "NE",
      "player_name": "Patriots",
      "position": "DEF",
      "score": 42,
      "team_name": "King of Wishful Tinkering",
      "was_started": true,
      "week": 2,
      "year": 2019,
    },
    {
      "is_championship": false,
      "is_playoff": false,
      "manager_name": "rich",
      "matchup_id": 5,
      "owner_id": "337222928615612416",
      "player_id": "4017",
      "player_name": "Deshaun Watson",
      "position": "QB",
      "score": 41.74,
      "team_name": "Zaragoza's Zooting Zorro",
      "was_started": true,
      "week": 5,
      "year": 2019,
    },
    {
      "is_championship": false,
      "is_playoff": false,
      "manager_name": "nick",
      "matchup_id": 2,
      "owner_id": "429243125446230016",
      "player_id": "4034",
      "player_name": "Christian McCaffrey",
      "position": "RB",
      "score": 41.7,
      "team_name": "Catch-22",
      "was_started": true,
      "week": 5,
      "year": 2019,
    },
  ],
}
`;

exports[`player scores > 2021 kickers on the bench 1`] = `
{
  "count": 18,
  "digest": "1208-16ddd127c15be2-49f896c80cfd4",
  "head": [
    {
      "is_championship": false,
      "is_playoff": false,
      "manager_name": "dix",
      "matchup_id": 3,
      "owner_id": "337221174670938112",
      "player_id": "1264",
      "player_name": "Justin Tucker",
      "position": "K",
      "score": 14.1,
      "team_name": "SIIIBON",
      "was_started": false,
      "week": 12,
      "year": 2021,
    },
    {
      "is_championship": false,
      "is_playoff": false,
      "manager_name": "dix",
      "matchup_id": 2,
      "owner_id": "337221174670938112",
      "player_id": "1264",
      "player_name": "Justin Tucker",
      "position": "K",
      "score": 12.1,
      "team_name": "SIIIBON",
      "was_started": false,
      "week": 11,
      "year": 2021,
    },
    {
      "is_championship": false,
      "is_playoff": false,
      "manager_name": "jay",
      "matchup_id": 3,
      "owner_id": "428943291145265152",
      "player_id": "5095",
      "player_name": "Daniel Carlson",
      "position": "K",
      "score": 9.2,
      "team_name": "Kansas City Chumps",
      "was_started": false,
      "week": 9,
      "year": 2021,
    },
    {
      "is_championship": false,
      "is_playoff": false,
      "manager_name": "dix",
      "matchup_id": 4,
      "owner_id": "337221174670938112",
      "player_id": "49",
      "player_name": "Robbie Gould",
      "position": "K",
      "score": 8.3,
      "team_name": "SIIIBON",
      "was_started": false,
      "week": 14,
      "year": 2021,
    },
    {
      "is_championship": false,
      "is_playoff": false,
      "manager_name": "kitch",
      "matchup_id": 3,
      "owner_id": "77361676378587136",
      "player_id": "650",
      "player_name": "Nick Folk",
      "position": "K",
      "score": 7.5,
      "team_name": "The Roaches",
      "was_started": false,
      "week": 13,
      "year": 2021,
    },
  ],
}
`;

exports[`player scores > 2022 quarterbacks who started, lowest first 1`] = `
{
  "count": 178,
  "digest": "b6a6-4152e12907406-80e3feb008ec9",
  "head": [
    {
      "is_championship": false,
      "is_playoff": false,
      "manager_name": "fin",
      "matchup_id": 5,
      "owner_id": "438629899490553856",
      "player_id": "5849",
      "player_name": "Kyler Murray",
      "position": "QB",
      "score": 0.66,
      "team_name": "Tha Dollar",
      "was_started": true,
      "week": 14,
      "year": 2022,
    },
    {
      "is_championship": false,
      "is_playoff": false,
      "manager_name": "brock",
      "matchup_id": 4,
      "owner_id": "704708035829895168",
      "player_id": "4881",
      "player_name": "Lamar Jackson",
      "position": "QB",
      "score": 1.34,
      "team_name": "The Disciples of Juan Carlos",
      "was_started": true,
      "week": 13,
      "year": 2022,
    },
    {
      "is_championship": false,
      "is_playoff": false,
      "manager_name": "sol",
      "matchup_id": 2,
      "owner_id": "411186928751230976",
      "player_id": "8161",
      "player_name": "Malik Willis",
      "position": "QB",
      "score": 1.4,
      "team_name": "The Unicorn",
      "was_started": true,
      "week": 8,
      "year": 2022,
    },
    {
      "is_championship": false,
      "is_playoff": false,
      "manager_name": "htc",
      "matchup_id": 1,
      "owner_id": "337226046606704640",
      "player_id": "3163",
      "player_name": "Jared Goff",
      "position": "QB",
      "score": 1.52,
      "team_name": "21st & Hine",
      "was_started": true,
      "week": 7,
      "year": 2022,
    },
    {
      "is_championship": false,
      "is_playoff": false,
      "manager_name": "rich",
      "matchup_id": 2,
      "owner_id": "337222928615612416",
      "player_id": "1166",
      "player_name": "Kirk Cousins",
      "position": "QB",
      "score": 2.2,
      "team_name": "Zaragoza's Zooting Zorro",
      "was_started": true,
      "week": 11,
      "year": 2022,
    },
  ],
}
`;

exports[`player scores > 2023, highest first 1`] = `
{
  "count": 2765,
  "digest": "b0b0b-11ee0edd743d13-660f0936a882",
  "head": [
    {
      "is_championship": false,
      "is_playoff": false,
      "manager_name": "rich",
      "matchup_id": 1,
      "owner_id": "337222928615612416",
      "player_id": "9226",
      "player_name": "De'Von Achane",
      "position": "RB",
      "score": 47.3,
      "team_name": "Zaragoza's Zooting Zorro",
      "was_started": false,
      "week": 3,
      "year": 2023,
    },
    {
      "is_championship": false,
      "is_playoff": false,
      "manager_name": "kitch",
      "matchup_id": 4,
      "owner_id": "77361676378587136",
      "player_id": "9758",
      "player_name": "C.J. Stroud",
      "position": "QB",
      "score": 41.8,
      "team_name": "The Roaches",
      "was_started": true,
      "week": 9,
      "year": 2023,
    },
    {
      "is_championship": false,
      "is_playoff": false,
      "manager_name": "ryan",
      "matchup_id": 5,
      "owner_id": "359110473351696384",
      "player_id": "4034",
      "player_name": "Christian McCaffrey",
      "position": "RB",
      "score": 41.7,
      "team_name": "Pimpin Ain't Leesy",
      "was_started": true,
      "week": 4,
      "year": 2023,
    },
    {
      "is_championship": false,
      "is_playoff": false,
      "manager_name": "kitch",
      "matchup_id": 5,
      "owner_id": "77361676378587136",
      "player_id": "4983",
      "player_name": "DJ Moore",
      "position": "WR",
      "score": 41,
      "team_name": "The Roaches",
      "was_started": true,
      "week": 5,
      "year": 2023,
    },
    {
      "is_championship": false,
      "is_playoff": true,
      "manager_name": "ryan",
      "matchup_id": 2,
      "owner_id": "359110473351696384",
      "player_id": "2309",
      "player_name": "Amari Cooper",
      "position": "WR",
      "score": 40.5,
      "team_name": "Pimpin Ain't Leesy",
      "was_started": true,
      "week": 16,
      "year": 2023,
    },
  ],
}
`;

exports[`team scores > 2012, highest first 1`] = `
{
  "count": 146,
  "digest": "7592-85cb15601fd93-17491d9ea972fd",
  "head": [
    {
      "manager_name": "dix",
      "matchup_id": 5,
      "opponent_id": "337297176361201664",
      "opponent_name": "Wolverhampton Wasters",
      "owner_id": "337221174670938112",
      "score": 152.16,
      "team_name": "SIIIBON",
      "week": 9,
      "year": 2012,
    },
    {
      "manager_name": "jay",
      "matchup_id": 5,
      "opponent_id": "337210029620883456",
      "opponent_name": "Bush Johnson",
      "owner_id": "428943291145265152",
      "score": 142.9,
      "team_name": "Kansas City Chumps",
      "week": 6,
      "year": 2012,
    },
    {
      "manager_name": "rich",
      "matchup_id": 5,
      "opponent_id": "428943291145265152",
      "opponent_name": "Kansas City Chumps",
      "owner_id": "337222928615612416",
      "score": 135.06,
      "team_name": "Zaragoza's Zooting Zorro",
      "week": 5,
      "year": 2012,
    },
    {
      "manager_name": "thd",
      "matchup_id": 1,
      "opponent_id": "337221174670938112",
      "opponent_name": "SIIIBON",
      "owner_id": "77140390129844224",
      "score": 133.94,
      "team_name": "King of Wishful Tinkering",
      "week": 4,
      "year": 2012,
    },
    {
      "manager_name": "jimmie",
      "matchup_id": 2,
      "opponent_id": "337221174670938112",
      "opponent_name": "SIIIBON",
      "owner_id": "chumbolegacy_jimmie",
      "score": 133.72,
      "team_name": "Jimbo's Chiefs",
      "week": 14,
      "year": 2012,
    },
  ],
}
`;

exports[`team scores > 2016, lowest first 1`] = `
{
  "count": 166,
  "digest": "84ac-424be8cde3206-63e44d02b382b",
  "head": [
    {
      "manager_name": "chris",
      "matchup_id": 4,
      "opponent_id": "438629899490553856",
      "opponent_name": "Tha Dollar",
      "owner_id": "chumbolegacy_sudio",
      "score": 47.22,
      "team_name": "Suh Suh Sudio",
      "week": 2,
      "year": 2016,
    },
    {
      "manager_name": "kitch",
      "matchup_id": 4,
      "opponent_id": "chumbolegacy_sudio",
      "opponent_name": "Suh Suh Sudio",
      "owner_id": "77361676378587136",
      "score": 50.9,
      "team_name": "The Roaches",
      "week": 11,
      "year": 2016,
    },
    {
      "manager_name": "sol",
      "matchup_id": 2,
      "opponent_id": "chumbolegacy_phil",
      "opponent_name": "Consolation Prize",
      "owner_id": "411186928751230976",
      "score": 54.72,
      "team_name": "The Unicorn",
      "week": 5,
      "year": 2016,
    },
    {
      "manager_name": "hadkiss",
      "matchup_id": 4,
      "opponent_id": "438629899490553856",
      "opponent_name": "Tha Dollar",
      "owner_id": "337210029620883456",
      "score": 59.28,
      "team_name": "Bush Johnson",
      "week": 10,
      "year": 2016,
    },
    {
      "manager_name": "kitch",
      "matchup_id": 2,
      "opponent_id": "337297176361201664",
      "opponent_name": "Wolverhampton Wasters",
      "owner_id": "77361676378587136",
      "score": 59.54,
      "team_name": "The Roaches",
      "week": 13,
      "year": 2016,
    },
  ],
}
`;

exports[`team scores > 2019, highest first 1`] = `
{
  "count": 166,
  "digest": "8493-51ef2abc42ea9-12cdfb144bd01",
  "head": [
    {
      "manager_name": "nick",
      "matchup_id": 2,
      "opponent_id": "411186928751230976",
      "opponent_name": "The Unicorn",
      "owner_id": "429243125446230016",
      "score": 174,
      "team_name": "Catch-22",
      "week": 5,
      "year": 2019,
    },
    {
      "manager_name": "dix",
      "matchup_id": 3,
      "opponent_id": "359110473351696384",
      "opponent_name": "Pimpin Ain't Leesy",
      "owner_id": "337221174670938112",
      "score": 158.54,
      "team_name": "SIIIBON",
      "week": 8,
      "year": 2019,
    },
    {
      "manager_name": "dix",
      "matchup_id": 6,
      "opponent_id": "438629899490553856",
      "opponent_name": "Tha Dollar",
      "owner_id": "337221174670938112",
      "score": 150.56,
      "team_name": "SIIIBON",
      "week": 3,
      "year": 2019,
    },
    {
      "manager_name": "ant",
      "matchup_id": 3,
      "opponent_id": "438629899490553856",
      "opponent_name": "Tha Dollar",
      "owner_id": "337297176361201664",
      "score": 143.98,
      "team_name": "Wolverhampton Wasters",
      "week": 10,
      "year": 2019,
    },
    {
      "manager_name": "ant",
      "matchup_id": 1,
      "opponent_id": "428943291145265152",
      "opponent_name": "Kansas City Chumps",
      "owner_id": "337297176361201664",
      "score": 143.52,
      "team_name": "Wolverhampton Wasters",
      "week": 7,
      "year": 2019,
    },
  ],
}
`;

exports[`team scores > 2024, highest first 1`] = `
{
  "count": 178,
  "digest": "90a4-a209d1790ec99-12c08effd5656f",
  "head": [
    {
      "manager_name": "jay",
      "matchup_id": 4,
      "opponent_id": "438629899490553856",
      "opponent_name": "Tha Dollar",
      "owner_id": "428943291145265152",
      "score": 158.68,
      "team_name": "Kansas City Chumps",
      "week": 14,
      "year": 2024,
    },
    {
      "manager_name": "thd",
      "matchup_id": 1,
      "opponent_id": "337222928615612416",
      "opponent_name": "Zaragoza's Zooting Zorro",
      "owner_id": "77140390129844224",
      "score": 154.78,
      "team_name": "King of Wishful Tinkering",
      "week": 17,
      "year": 2024,
    },
    {
      "manager_name": "jay",
      "matchup_id": 6,
      "opponent_id": "411186928751230976",
      "opponent_name": "The Unicorn",
      "owner_id": "428943291145265152",
      "score": 136.16,
      "team_name": "Kansas City Chumps",
      "week": 7,
      "year": 2024,
    },
    {
      "manager_name": "jay",
      "matchup_id": 4,
      "opponent_id": "438629899490553856",
      "opponent_name": "Tha Dollar",
      "owner_id": "428943291145265152",
      "score": 135.46,
      "team_name": "Kansas City Chumps",
      "week": 3,
      "year": 2024,
    },
    {
      "manager_name": "brock",
      "matchup_id": 3,
      "opponent_id": "428943291145265152",
      "opponent_name": "Kansas City Chumps",
      "owner_id": "704708035829895168",
      "score": 132.6,
      "team_name": "The Disciples of Juan Carlos",
      "week": 12,
      "year": 2024,
    },
  ],
}
`;
