// Vitest Snapshot v1, https://vitest.dev/guide/snapshot.html

exports[`the ring of shame > names today's holders 1`] = `
{
  "bench-points": "kitch · 2535.5 points benched",
  "longest-loss-streak": "sol · 11 straight defeats",
  "manager-efficiency": "kitch · 86.7% efficient",
  "most-scumbos": "fin · 3 full Scumbos",
  "reigning-scumbo": "rich · 47-107 all-play (30.5%)",
  "roster-churn": "sol · 248 moves in one season",
  "waiver-hit-rate": "sol · 5.35 points per pickup",
  "worst-start-sit": "rich · 44.5 points thrown away",
}
`;
